[root@nmone nmone]# mysql -u root -p
Enter password: 
Welcome to the MySQL monitor.  Commands end with ; or \g.
Your MySQL connection id is 6
Server version: 5.1.61 Source distribution

Copyright (c) 2000, 2011, Oracle and/or its affiliates. All rights reserved.

Oracle is a registered trademark of Oracle Corporation and/or its
affiliates. Other names may be trademarks of their respective
owners.

Type 'help;' or '\h' for help. Type '\c' to clear the current input statement.

mysql> show databases;
+--------------------+
| Database           |
+--------------------+
| information_schema |
| mysql              |
| test               |
| testDB             |
+--------------------+
4 rows in set (0.05 sec)

mysql> create database testAuth;
Query OK, 1 row affected (0.00 sec)

mysql> CREATE TABLE PRINCIPLES ( principal_id VARCHAR(64) primary key,password VARCHAR(64));
ERROR 1046 (3D000): No database selected
mysql> 
mysql> 
mysql> 
mysql> use testAuth
Database changed
mysql> CREATE TABLE PRINCIPLES ( principal_id VARCHAR(64) primary key,password VARCHAR(64));
Query OK, 0 rows affected (0.08 sec)

mysql> CREATE TABLE ROLES ( principal_id VARCHAR(64),user_role VARCHAR(64),role_group VARCHAR(64));
Query OK, 0 rows affected (0.08 sec)

mysql> Insert into PRINCIPLES values('TestUserOne','PasswordOne');
Query OK, 1 row affected (0.00 sec)

mysql> Insert into PRINCIPLES values('TestUserTwo','PasswordTwo');
Query OK, 1 row affected (0.00 sec)

mysql> Insert into ROLES values('TestUserOne','TestRoleOne','TestUserOneGroup');
Query OK, 1 row affected (0.00 sec)

mysql> Insert into ROLES values('TestUserTwo','TestRoleTwo','TestUserTwoGroup');
Query OK, 1 row affected (0.00 sec)

